Archive member included to satisfy reference by file (symbol)

../../ch32fun//../misc\libgcc.a(div.o)
                              C:\Users\alast\AppData\Local\Temp\ccP2wDWh.ltrans0.ltrans.o (__udivsi3)

Discarded input sections

 .text          0x00000000        0x0 C:\Users\alast\AppData\Local\Temp\ccP2wDWh.ltrans0.ltrans.o
 .data          0x00000000        0x0 C:\Users\alast\AppData\Local\Temp\ccP2wDWh.ltrans0.ltrans.o
 .bss           0x00000000        0x0 C:\Users\alast\AppData\Local\Temp\ccP2wDWh.ltrans0.ltrans.o
 .text.mini_pad
                0x00000000       0x8a C:\Users\alast\AppData\Local\Temp\ccP2wDWh.ltrans0.ltrans.o
 .text._puts    0x00000000       0x40 C:\Users\alast\AppData\Local\Temp\ccP2wDWh.ltrans0.ltrans.o
 .text.mini_itoa.part.0
                0x00000000       0xcc C:\Users\alast\AppData\Local\Temp\ccP2wDWh.ltrans0.ltrans.o
 .text.internal_handle_input.constprop.0
                0x00000000        0xa C:\Users\alast\AppData\Local\Temp\ccP2wDWh.ltrans0.ltrans.o
 .text._write.constprop.0
                0x00000000       0xf0 C:\Users\alast\AppData\Local\Temp\ccP2wDWh.ltrans0.ltrans.o
 .text.__puts_uart
                0x00000000       0x1a C:\Users\alast\AppData\Local\Temp\ccP2wDWh.ltrans0.ltrans.o
 .text.strlen   0x00000000       0x12 C:\Users\alast\AppData\Local\Temp\ccP2wDWh.ltrans0.ltrans.o
 .text.mini_vpprintf
                0x00000000      0x1d8 C:\Users\alast\AppData\Local\Temp\ccP2wDWh.ltrans0.ltrans.o
 .text.printf   0x00000000       0x2c C:\Users\alast\AppData\Local\Temp\ccP2wDWh.ltrans0.ltrans.o
 .text.vprintf  0x00000000       0x16 C:\Users\alast\AppData\Local\Temp\ccP2wDWh.ltrans0.ltrans.o
 .text.mini_vsnprintf
                0x00000000       0x42 C:\Users\alast\AppData\Local\Temp\ccP2wDWh.ltrans0.ltrans.o
 .text.snprintf
                0x00000000       0x1c C:\Users\alast\AppData\Local\Temp\ccP2wDWh.ltrans0.ltrans.o
 .text.sprintf  0x00000000       0x26 C:\Users\alast\AppData\Local\Temp\ccP2wDWh.ltrans0.ltrans.o
 .text.memset   0x00000000       0x12 C:\Users\alast\AppData\Local\Temp\ccP2wDWh.ltrans0.ltrans.o
 .text.strcpy   0x00000000       0x14 C:\Users\alast\AppData\Local\Temp\ccP2wDWh.ltrans0.ltrans.o
 .text.strncpy  0x00000000       0x1c C:\Users\alast\AppData\Local\Temp\ccP2wDWh.ltrans0.ltrans.o
 .text.strcmp   0x00000000       0x1a C:\Users\alast\AppData\Local\Temp\ccP2wDWh.ltrans0.ltrans.o
 .text.strncmp  0x00000000       0x2e C:\Users\alast\AppData\Local\Temp\ccP2wDWh.ltrans0.ltrans.o
 .text.strchr   0x00000000       0x16 C:\Users\alast\AppData\Local\Temp\ccP2wDWh.ltrans0.ltrans.o
 .text.strrchr  0x00000000       0x3c C:\Users\alast\AppData\Local\Temp\ccP2wDWh.ltrans0.ltrans.o
 .text.memcpy   0x00000000       0x1c C:\Users\alast\AppData\Local\Temp\ccP2wDWh.ltrans0.ltrans.o
 .text.memcmp   0x00000000       0x20 C:\Users\alast\AppData\Local\Temp\ccP2wDWh.ltrans0.ltrans.o
 .text.memmove  0x00000000       0x5e C:\Users\alast\AppData\Local\Temp\ccP2wDWh.ltrans0.ltrans.o
 .text.memchr   0x00000000       0x1a C:\Users\alast\AppData\Local\Temp\ccP2wDWh.ltrans0.ltrans.o
 .text.strnlen  0x00000000       0x2a C:\Users\alast\AppData\Local\Temp\ccP2wDWh.ltrans0.ltrans.o
 .text.twoway_strstr
                0x00000000      0x232 C:\Users\alast\AppData\Local\Temp\ccP2wDWh.ltrans0.ltrans.o
 .text.strstr   0x00000000      0x11c C:\Users\alast\AppData\Local\Temp\ccP2wDWh.ltrans0.ltrans.o
 .rodata.puts.str1.4
                0x00000000        0x2 C:\Users\alast\AppData\Local\Temp\ccP2wDWh.ltrans0.ltrans.o
 .text.puts     0x00000000       0x40 C:\Users\alast\AppData\Local\Temp\ccP2wDWh.ltrans0.ltrans.o
 .text.setjmp   0x00000000       0x10 C:\Users\alast\AppData\Local\Temp\ccP2wDWh.ltrans0.ltrans.o
 .text.longjmp  0x00000000       0x14 C:\Users\alast\AppData\Local\Temp\ccP2wDWh.ltrans0.ltrans.o
 .text.putchar  0x00000000       0x68 C:\Users\alast\AppData\Local\Temp\ccP2wDWh.ltrans0.ltrans.o
 .rodata.APBAHBPrescTable.lto_priv.0
                0x00000000       0x10 C:\Users\alast\AppData\Local\Temp\ccP2wDWh.ltrans0.ltrans.o
 .rodata.ADCPrescTable.lto_priv.0
                0x00000000       0x14 C:\Users\alast\AppData\Local\Temp\ccP2wDWh.ltrans0.ltrans.o
 .rodata.APBAHBPrescTable.lto_priv.1
                0x00000000       0x10 C:\Users\alast\AppData\Local\Temp\ccP2wDWh.ltrans0.ltrans.o
 .rodata.ADCPrescTable.lto_priv.1
                0x00000000       0x14 C:\Users\alast\AppData\Local\Temp\ccP2wDWh.ltrans0.ltrans.o
 .comment       0x00000000       0x34 C:\Users\alast\AppData\Local\Temp\ccP2wDWh.ltrans0.ltrans.o
 .note.GNU-stack
                0x00000000        0x0 C:\Users\alast\AppData\Local\Temp\ccP2wDWh.ltrans0.ltrans.o
 .comment       0x00000000       0x34 C:\Users\alast\AppData\Local\Temp\ccT7YBuA.debug.temp.o
 .note.GNU-stack
                0x00000000        0x0 C:\Users\alast\AppData\Local\Temp\ccT7YBuA.debug.temp.o
 .comment       0x00000000       0x34 C:\Users\alast\AppData\Local\Temp\ccgr2thL.debug.temp.o
 .note.GNU-stack
                0x00000000        0x0 C:\Users\alast\AppData\Local\Temp\ccgr2thL.debug.temp.o
 .text          0x00000000       0x80 ../../ch32fun//../misc\libgcc.a(div.o)
 .data          0x00000000        0x0 ../../ch32fun//../misc\libgcc.a(div.o)
 .bss           0x00000000        0x0 ../../ch32fun//../misc\libgcc.a(div.o)
 .debug_line    0x00000000      0x153 ../../ch32fun//../misc\libgcc.a(div.o)
 .debug_line_str
                0x00000000       0x92 ../../ch32fun//../misc\libgcc.a(div.o)
 .debug_info    0x00000000       0x5d ../../ch32fun//../misc\libgcc.a(div.o)
 .debug_abbrev  0x00000000       0x28 ../../ch32fun//../misc\libgcc.a(div.o)
 .debug_aranges
                0x00000000       0x20 ../../ch32fun//../misc\libgcc.a(div.o)
 .debug_str     0x00000000       0xd9 ../../ch32fun//../misc\libgcc.a(div.o)
 .riscv.attributes
                0x00000000       0x1f ../../ch32fun//../misc\libgcc.a(div.o)

Memory Configuration

Name             Origin             Length             Attributes
FLASH            0x00000000         0x00004000         xr
RAM              0x20000000         0x00000800         xrw
*default*        0x00000000         0xffffffff

Linker script and memory map

LOAD C:\Users\alast\AppData\Local\Temp\ccPALDyn.o
LOAD C:\Users\alast\AppData\Local\Temp\ccP2wDWh.ltrans0.ltrans.o
LOAD C:\Users\alast\AppData\Local\Temp\ccT7YBuA.debug.temp.o
LOAD C:\Users\alast\AppData\Local\Temp\ccgr2thL.debug.temp.o
LOAD C:\Users\alast\AppData\Local\Temp\ccajN94s.o
LOAD ../../ch32fun//../misc\libgcc.a
LOAD ../../ch32fun//../misc\libgcc.a

.init           0x00000000       0xa0
                0x00000000                        _sinit = .
                0x00000000                        . = ALIGN (0x4)
 *(SORT_NONE(.init))
 .init          0x00000000       0x9e C:\Users\alast\AppData\Local\Temp\ccP2wDWh.ltrans0.ltrans.o
                0x00000000                InterruptVector
                0x00000000                InterruptVectorDefault
                0x000000a0                        . = ALIGN (0x4)
 *fill*         0x0000009e        0x2 
                0x000000a0                        _einit = .

.text           0x000000a0      0x208
                0x000000a0                        . = ALIGN (0x4)
 *(.text)
 *(.text.*)
 .text.PrintHex
                0x000000a0       0x5a C:\Users\alast\AppData\Local\Temp\ccP2wDWh.ltrans0.ltrans.o
 .text.DelaySysTick.constprop.0
                0x000000fa       0x1a C:\Users\alast\AppData\Local\Temp\ccP2wDWh.ltrans0.ltrans.o
 .text.handle_reset
                0x00000114       0x6c C:\Users\alast\AppData\Local\Temp\ccP2wDWh.ltrans0.ltrans.o
                0x00000114                handle_reset
 .text.vector_handler
                0x00000180       0x5a C:\Users\alast\AppData\Local\Temp\ccP2wDWh.ltrans0.ltrans.o
                0x00000180                EXTI2_IRQHandler
                0x00000180                TIM8_TRG_COM_IRQHandler
                0x00000180                TIM8_CC_IRQHandler
                0x00000180                UART8_IRQHandler
                0x00000180                TIM1_CC_IRQHandler
                0x00000180                HardFault_Handler
                0x00000180                GPIOB_IRQHandler
                0x00000180                USBPD_IRQHandler
                0x00000180                TIM6_IRQHandler
                0x00000180                GPIOA_IRQHandler
                0x00000180                SysTick_Handler
                0x00000180                PVD_IRQHandler
                0x00000180                SDIO_IRQHandler
                0x00000180                TIM9_BRK_IRQHandler
                0x00000180                DMA2_Channel8_IRQHandler
                0x00000180                USBWakeUp_IRQHandler
                0x00000180                CAN2_RX1_IRQHandler
                0x00000180                EXTI3_IRQHandler
                0x00000180                UART1_IRQHandler
                0x00000180                USBHS_IRQHandler
                0x00000180                DMA2_Channel9_IRQHandler
                0x00000180                TIM10_CC_IRQHandler
                0x00000180                EXTI25_16_IRQHandler
                0x00000180                USBFS_IRQHandler
                0x00000180                UART0_IRQHandler
                0x00000180                EXTI0_IRQHandler
                0x00000180                I2C2_EV_IRQHandler
                0x00000180                TIM10_TRG_COM_IRQHandler
                0x00000180                CAN2_SCE_IRQHandler
                0x00000180                ADC1_2_IRQHandler
                0x00000180                BB_IRQHandler
                0x00000180                Break_Point_Handler
                0x00000180                TIM2_CC_IRQHandler
                0x00000180                SPI1_IRQHandler
                0x00000180                TAMPER_IRQHandler
                0x00000180                TMR0_IRQHandler
                0x00000180                AWU_IRQHandler
                0x00000180                EXTI7_0_IRQHandler
                0x00000180                CAN2_RX0_IRQHandler
                0x00000180                OSCWakeUp_IRQHandler
                0x00000180                TIM8_UP_IRQHandler
                0x00000180                Ecall_M_Mode_Handler
                0x00000180                DMA2_Channel2_IRQHandler
                0x00000180                DMA1_Channel4_IRQHandler
                0x00000180                ADC1_IRQHandler
                0x00000180                TIM2_BRK_IRQHandler
                0x00000180                TIM9_UP_IRQHandler
                0x00000180                USART3_IRQHandler
                0x00000180                RTC_IRQHandler
                0x00000180                DMA1_Channel7_IRQHandler
                0x00000180                CAN1_RX1_IRQHandler
                0x00000180                DVP_IRQHandler
                0x00000180                UART5_IRQHandler
                0x00000180                EXTI15_8_IRQHandler
                0x00000180                TIM4_IRQHandler
                0x00000180                DMA2_Channel1_IRQHandler
                0x00000180                USBPD_WKUP_IRQHandler
                0x00000180                I2C1_EV_IRQHandler
                0x00000180                UART2_IRQHandler
                0x00000180                USART4_IRQHandler
                0x00000180                PWMX_IRQHandler
                0x00000180                DMA1_Channel6_IRQHandler
                0x00000180                UART4_IRQHandler
                0x00000180                DMA2_Channel4_IRQHandler
                0x00000180                TIM3_IRQHandler
                0x00000180                RCC_IRQHandler
                0x00000180                TIM1_TRG_COM_IRQHandler
                0x00000180                DMA1_Channel1_IRQHandler
                0x00000180                DMA2_Channel7_IRQHandler
                0x00000180                EXTI15_10_IRQHandler
                0x00000180                ADC_IRQHandler
                0x00000180                DMA1_Channel8_IRQHandler
                0x00000180                TMR2_IRQHandler
                0x00000180                DefaultIRQHandler
                0x00000180                TIM7_IRQHandler
                0x00000180                CAN2_TX_IRQHandler
                0x00000180                TIM5_IRQHandler
                0x00000180                TMR1_IRQHandler
                0x00000180                USB_IRQHandler
                0x00000180                EXTI9_5_IRQHandler
                0x00000180                PIOC_IRQHandler
                0x00000180                SPI2_IRQHandler
                0x00000180                OSC32KCal_IRQHandler
                0x00000180                I2C_IRQHandler
                0x00000180                TIM10_BRK_IRQHandler
                0x00000180                TIM9_CC_IRQHandler
                0x00000180                DMA2_Channel5_IRQHandler
                0x00000180                USB2_IRQHandler
                0x00000180                USBHSWakeUp_IRQHandler
                0x00000180                DMA1_Channel5_IRQHandler
                0x00000180                EXTI4_IRQHandler
                0x00000180                USB_LP_CAN1_RX0_IRQHandler
                0x00000180                RNG_IRQHandler
                0x00000180                USB_HP_CAN1_TX_IRQHandler
                0x00000180                LLE_IRQHandler
                0x00000180                DMA1_Channel3_IRQHandler
                0x00000180                FSMC_IRQHandler
                0x00000180                ETH_IRQHandler
                0x00000180                TIM1_UP_IRQHandler
                0x00000180                WWDG_IRQHandler
                0x00000180                DMA2_Channel11_IRQHandler
                0x00000180                WDOG_BAT_IRQHandler
                0x00000180                Ecall_U_Mode_Handler
                0x00000180                TMR3_IRQHandler
                0x00000180                DMA2_Channel6_IRQHandler
                0x00000180                TIM2_IRQHandler
                0x00000180                SW_Handler
                0x00000180                TIM1_BRK_IRQHandler
                0x00000180                OPA_IRQHandler
                0x00000180                DMA2_Channel10_IRQHandler
                0x00000180                EXTI1_IRQHandler
                0x00000180                SPI0_IRQHandler
                0x00000180                RTCAlarm_IRQHandler
                0x00000180                TIM10_UP_IRQHandler
                0x00000180                TIM9_TRG_COM_IRQHandler
                0x00000180                UART7_IRQHandler
                0x00000180                USART2_IRQHandler
                0x00000180                UART6_IRQHandler
                0x00000180                ETHWakeUp_IRQHandler
                0x00000180                I2C2_ER_IRQHandler
                0x00000180                DMA1_Channel2_IRQHandler
                0x00000180                TIM8_BRK_IRQHandler
                0x00000180                TIM2_TRG_IRQHandler
                0x00000180                CAN1_SCE_IRQHandler
                0x00000180                FLASH_IRQHandler
                0x00000180                USBFSWakeUp_IRQHandler
                0x00000180                USART1_IRQHandler
                0x00000180                OTG_FS_IRQHandler
                0x00000180                SPI3_IRQHandler
                0x00000180                USBFS_WakeUp_IRQHandler
                0x00000180                UART3_IRQHandler
                0x00000180                I2C1_ER_IRQHandler
                0x00000180                DMA2_Channel3_IRQHandler
                0x000001cc                NMI_Handler
                0x000001cc                NMI_RCC_CSS_IRQHandler
 .text.SystemInit
                0x000001da       0x54 C:\Users\alast\AppData\Local\Temp\ccP2wDWh.ltrans0.ltrans.o
                0x000001da                SystemInit
 .text.startup.main
                0x0000022e       0x7a C:\Users\alast\AppData\Local\Temp\ccP2wDWh.ltrans0.ltrans.o
                0x0000022e                main
 *(.rodata)
 *(.rodata*)
 *(.gnu.linkonce.t.*)
                0x000002a8                        . = ALIGN (0x4)
 *fill*         0x000002a8        0x0 

.rela.dyn       0x000002a8        0x0
 .rela.text.handle_reset
                0x000002a8        0x0 C:\Users\alast\AppData\Local\Temp\ccP2wDWh.ltrans0.ltrans.o

.fini           0x000002a8        0x0
 *(SORT_NONE(.fini))
                0x000002a8                        . = ALIGN (0x4)
                [!provide]                        PROVIDE (_etext = .)
                [!provide]                        PROVIDE (_eitcm = .)

.preinit_array  0x000002a8        0x0
                [!provide]                        PROVIDE (__preinit_array_start = .)
 *(.preinit_array)
                [!provide]                        PROVIDE (__preinit_array_end = .)

.init_array     0x000002a8        0x0
                [!provide]                        PROVIDE (__init_array_start = .)
 *(SORT_BY_INIT_PRIORITY(.init_array.*) SORT_BY_INIT_PRIORITY(.ctors.*))
 *(.init_array EXCLUDE_FILE(*crtend?.o *crtend.o *crtbegin?.o *crtbegin.o) .ctors)
                [!provide]                        PROVIDE (__init_array_end = .)

.fini_array     0x000002a8        0x0
                [!provide]                        PROVIDE (__fini_array_start = .)
 *(SORT_BY_INIT_PRIORITY(.fini_array.*) SORT_BY_INIT_PRIORITY(.dtors.*))
 *(.fini_array EXCLUDE_FILE(*crtend?.o *crtend.o *crtbegin?.o *crtbegin.o) .dtors)
                [!provide]                        PROVIDE (__fini_array_end = .)

.ctors
 *crtbegin.o(.ctors)
 *crtbegin?.o(.ctors)
 *(EXCLUDE_FILE(*crtend?.o *crtend.o) .ctors)
 *(SORT_BY_NAME(.ctors.*))
 *(.ctors)

.dtors
 *crtbegin.o(.dtors)
 *crtbegin?.o(.dtors)
 *(EXCLUDE_FILE(*crtend?.o *crtend.o) .dtors)
 *(SORT_BY_NAME(.dtors.*))
 *(.dtors)

.dalign         0x20000000        0x0 load address 0x000002a8
                0x20000000                        . = ALIGN (0x4)
                0x20000000                        PROVIDE (_data_vma = .)

.dlalign        0x000002a8        0x0
                0x000002a8                        . = ALIGN (0x4)
                0x000002a8                        PROVIDE (_data_lma = .)

.data           0x20000000        0x0 load address 0x000002a8
                0x20000000                        . = ALIGN (0x4)
                0x200003fc                        __global_pointer$ = (. + 0x3fc)
 *(.gnu.linkonce.r.*)
 *(.data .data.*)
 *(.gnu.linkonce.d.*)
                0x20000000                        . = ALIGN (0x8)
 *(.sdata .sdata.*)
 *(.sdata2*)
 *(.gnu.linkonce.s.*)
                0x20000000                        . = ALIGN (0x8)
 *(.srodata.cst16)
 *(.srodata.cst8)
 *(.srodata.cst4)
 *(.srodata.cst2)
 *(.srodata .srodata.*)
                0x20000000                        . = ALIGN (0x4)
                0x20000000                        PROVIDE (_edata = .)

.bss            0x20000000        0x0 load address 0x000002a8
                0x20000000                        . = ALIGN (0x4)
                0x20000000                        PROVIDE (_sbss = .)
 *(.sbss*)
 *(.gnu.linkonce.sb.*)
 *(.bss*)
 *(.gnu.linkonce.b.*)
 *(COMMON*)
                0x20000000                        . = ALIGN (0x4)
                0x20000000                        PROVIDE (_ebss = .)
                [!provide]                        PROVIDE (_end = _ebss)
                [!provide]                        PROVIDE (end = .)
                0x20000800                        PROVIDE (_eusrstack = (ORIGIN (RAM) + LENGTH (RAM)))

/DISCARD/
 *(.note .note.*)
 *(.eh_frame .eh_frame.*)
 *(.comment .comment.*)
 *(.ARM.extab* .gnu.linkonce.armextab.*)
 *(.ARM.exidx*)
OUTPUT(blink.elf elf32-littleriscv)

.riscv.attributes
                0x00000000       0x25
 .riscv.attributes
                0x00000000       0x25 C:\Users\alast\AppData\Local\Temp\ccP2wDWh.ltrans0.ltrans.o

.debug_info     0x00000000     0x2309
 .debug_info    0x00000000      0xff9 C:\Users\alast\AppData\Local\Temp\ccP2wDWh.ltrans0.ltrans.o
 .debug_info    0x00000ff9     0x10ae C:\Users\alast\AppData\Local\Temp\ccT7YBuA.debug.temp.o
                0x00000ff9                ch32fun.c.7f2c0c53
 .debug_info    0x000020a7      0x262 C:\Users\alast\AppData\Local\Temp\ccgr2thL.debug.temp.o
                0x000020a7                blink.c.bf5d90e4

.debug_abbrev   0x00000000      0x4f1
 .debug_abbrev  0x00000000      0x191 C:\Users\alast\AppData\Local\Temp\ccP2wDWh.ltrans0.ltrans.o
 .debug_abbrev  0x00000191      0x259 C:\Users\alast\AppData\Local\Temp\ccT7YBuA.debug.temp.o
 .debug_abbrev  0x000003ea      0x107 C:\Users\alast\AppData\Local\Temp\ccgr2thL.debug.temp.o

.debug_loclists
                0x00000000     0x1480
 .debug_loclists
                0x00000000     0x1480 C:\Users\alast\AppData\Local\Temp\ccP2wDWh.ltrans0.ltrans.o

.debug_aranges  0x00000000      0x150
 .debug_aranges
                0x00000000      0x150 C:\Users\alast\AppData\Local\Temp\ccP2wDWh.ltrans0.ltrans.o

.debug_rnglists
                0x00000000      0x1b3
 .debug_rnglists
                0x00000000      0x1b3 C:\Users\alast\AppData\Local\Temp\ccP2wDWh.ltrans0.ltrans.o

.debug_line     0x00000000     0x280a
 .debug_line    0x00000000     0x273e C:\Users\alast\AppData\Local\Temp\ccP2wDWh.ltrans0.ltrans.o
 .debug_line    0x0000273e       0x76 C:\Users\alast\AppData\Local\Temp\ccT7YBuA.debug.temp.o
 .debug_line    0x000027b4       0x56 C:\Users\alast\AppData\Local\Temp\ccgr2thL.debug.temp.o

.debug_str      0x00000000      0x7c2
 .debug_str     0x00000000      0x7c2 C:\Users\alast\AppData\Local\Temp\ccP2wDWh.ltrans0.ltrans.o
                                0x17a (size before relaxing)
 .debug_str     0x000007c2      0x6c0 C:\Users\alast\AppData\Local\Temp\ccT7YBuA.debug.temp.o
 .debug_str     0x000007c2      0x26c C:\Users\alast\AppData\Local\Temp\ccgr2thL.debug.temp.o

.debug_line_str
                0x00000000      0x23f
 .debug_line_str
                0x00000000      0x23f C:\Users\alast\AppData\Local\Temp\ccP2wDWh.ltrans0.ltrans.o
                                 0xfe (size before relaxing)
 .debug_line_str
                0x0000023f      0x229 C:\Users\alast\AppData\Local\Temp\ccT7YBuA.debug.temp.o
 .debug_line_str
                0x0000023f      0x121 C:\Users\alast\AppData\Local\Temp\ccgr2thL.debug.temp.o

.debug_frame    0x00000000      0x3a4
 .debug_frame   0x00000000      0x3a4 C:\Users\alast\AppData\Local\Temp\ccP2wDWh.ltrans0.ltrans.o
