
blink.elf:     file format elf32-littleriscv


Disassembly of section .init:

00000000 <InterruptVector>:
	void InterruptVectorDefault()  __attribute__((naked)) __attribute((section(".init"))) __attribute((naked));

	void InterruptVectorDefault( void )
	{
		#if !defined(FUNCONF_TINYVECTOR) || !FUNCONF_TINYVECTOR
			asm volatile( DEFAULT_INTERRUPT_VECTOR_CONTENTS );
   0:	1140006f          	j	114 <handle_reset>
   4:	00000000          	.word	0x00000000
   8:	000001cc          	.word	0x000001cc
   c:	00000180          	.word	0x00000180
	...
  30:	00000180          	.word	0x00000180
  34:	00000000          	.word	0x00000000
  38:	00000180          	.word	0x00000180
  3c:	00000000          	.word	0x00000000
  40:	00000180          	.word	0x00000180
  44:	00000180          	.word	0x00000180
  48:	00000180          	.word	0x00000180
  4c:	00000180          	.word	0x00000180
  50:	00000180          	.word	0x00000180
  54:	00000180          	.word	0x00000180
  58:	00000180          	.word	0x00000180
  5c:	00000180          	.word	0x00000180
  60:	00000180          	.word	0x00000180
  64:	00000180          	.word	0x00000180
  68:	00000180          	.word	0x00000180
  6c:	00000180          	.word	0x00000180
  70:	00000180          	.word	0x00000180
  74:	00000180          	.word	0x00000180
  78:	00000180          	.word	0x00000180
  7c:	00000180          	.word	0x00000180
  80:	00000180          	.word	0x00000180
  84:	00000180          	.word	0x00000180
  88:	00000180          	.word	0x00000180
  8c:	00000180          	.word	0x00000180
  90:	00000180          	.word	0x00000180
  94:	00000180          	.word	0x00000180
  98:	00000180          	.word	0x00000180
  9c:	0000                	unimp
	...

Disassembly of section .text:

000000a0 <PrintHex>:
	while( (*DMDATA0) & 0x80 );
  a0:	e00007b7          	lui	a5,0xe0000
  a4:	0f478793          	addi	a5,a5,244 # e00000f4 <_eusrstack+0xbffff8f4>
  a8:	4398                	lw	a4,0(a5)
  aa:	08077713          	andi	a4,a4,128
  ae:	ff6d                	bnez	a4,a8 <PrintHex+0x8>
	*DMDATA0 = 0x78302088; //" 0x"
  b0:	78302737          	lui	a4,0x78302
  b4:	08870713          	addi	a4,a4,136 # 78302088 <_eusrstack+0x58301888>
		while( (*DMDATA0) & 0x80 );
  b8:	e00006b7          	lui	a3,0xe0000
	*DMDATA0 = 0x78302088; //" 0x"
  bc:	c398                	sw	a4,0(a5)
		while( (*DMDATA0) & 0x80 );
  be:	0f468693          	addi	a3,a3,244 # e00000f4 <_eusrstack+0xbffff8f4>
	for( shift = 28; shift >= 0; shift -= 4 )
  c2:	4771                	li	a4,28
		s += ( s < 10 ) ? '0' : ('a' - 10);
  c4:	45a5                	li	a1,9
	for( shift = 28; shift >= 0; shift -= 4 )
  c6:	5671                	li	a2,-4
		while( (*DMDATA0) & 0x80 );
  c8:	429c                	lw	a5,0(a3)
  ca:	0807f793          	andi	a5,a5,128
  ce:	ffed                	bnez	a5,c8 <PrintHex+0x28>
		int s = (n>>shift) & 0xf;
  d0:	00e55333          	srl	t1,a0,a4
  d4:	00f37313          	andi	t1,t1,15
		s += ( s < 10 ) ? '0' : ('a' - 10);
  d8:	0065b7b3          	sltu	a5,a1,t1
  dc:	40f007b3          	neg	a5,a5
  e0:	0277f793          	andi	a5,a5,39
  e4:	03078793          	addi	a5,a5,48
  e8:	979a                	add	a5,a5,t1
		*DMDATA0 = 0x85 | (s<<8); //" 0x"
  ea:	07a2                	slli	a5,a5,0x8
  ec:	0857e793          	ori	a5,a5,133
  f0:	c29c                	sw	a5,0(a3)
	for( shift = 28; shift >= 0; shift -= 4 )
  f2:	1771                	addi	a4,a4,-4
  f4:	fcc71ae3          	bne	a4,a2,c8 <PrintHex+0x28>
}
  f8:	8082                	ret

000000fa <DelaySysTick.constprop.0>:
#endif

void DelaySysTick( uint32_t n )
{
#if defined(CH32V003) || defined(CH32V00x)
	uint32_t targend = SysTick->CNT + n;
  fa:	e000f6b7          	lui	a3,0xe000f
  fe:	4698                	lw	a4,8(a3)
 100:	0016e7b7          	lui	a5,0x16e
 104:	36078793          	addi	a5,a5,864 # 16e360 <blink.c.a0dd551b+0x16c20e>
 108:	973e                	add	a4,a4,a5
	while( ((int32_t)( SysTick->CNT - targend )) < 0 );
 10a:	469c                	lw	a5,8(a3)
 10c:	8f99                	sub	a5,a5,a4
 10e:	fe07cee3          	bltz	a5,10a <DelaySysTick.constprop.0+0x10>
	uint64_t targend = SysTick->CNT - n;
	while( ((int64_t)( SysTick->CNT - targend )) > 0 );
#else
	#error DelaySysTick not defined.
#endif
}
 112:	8082                	ret

00000114 <handle_reset>:
	asm volatile( "\n\
 114:	20000197          	auipc	gp,0x20000
 118:	2e818193          	addi	gp,gp,744 # 200003fc <__global_pointer$>
 11c:	40418113          	addi	sp,gp,1028 # 20000800 <_eusrstack>
 120:	6509                	lui	a0,0x2
 122:	88050513          	addi	a0,a0,-1920 # 1880 <ch32fun.c.91fdfb68+0x887>
 126:	30051073          	csrw	mstatus,a0
 12a:	00000697          	auipc	a3,0x0
 12e:	ed668693          	addi	a3,a3,-298 # 0 <InterruptVector>
 132:	0036e693          	ori	a3,a3,3
 136:	30569073          	csrw	mtvec,a3
asm volatile(
 13a:	c0418513          	addi	a0,gp,-1020 # 20000000 <_data_vma>
 13e:	c0418593          	addi	a1,gp,-1020 # 20000000 <_data_vma>
 142:	4601                	li	a2,0
 144:	00b55663          	bge	a0,a1,150 <handle_reset+0x3c>
 148:	c110                	sw	a2,0(a0)
 14a:	0511                	addi	a0,a0,4
 14c:	feb54ee3          	blt	a0,a1,148 <handle_reset+0x34>
 150:	2a800513          	li	a0,680
 154:	c0418593          	addi	a1,gp,-1020 # 20000000 <_data_vma>
 158:	c0418613          	addi	a2,gp,-1020 # 20000000 <_data_vma>
 15c:	00c58863          	beq	a1,a2,16c <handle_reset+0x58>
 160:	4114                	lw	a3,0(a0)
 162:	c194                	sw	a3,0(a1)
 164:	0511                	addi	a0,a0,4
 166:	0591                	addi	a1,a1,4
 168:	fec59ae3          	bne	a1,a2,15c <handle_reset+0x48>
	SysTick->CTLR = 1;
 16c:	e000f7b7          	lui	a5,0xe000f
 170:	4705                	li	a4,1
 172:	c398                	sw	a4,0(a5)
asm volatile(
 174:	22e00793          	li	a5,558
 178:	34179073          	csrw	mepc,a5
 17c:	30200073          	mret

00000180 <ADC1_2_IRQHandler>:

// Return the Machine Exception Program Register (MEPC)
static inline uint32_t __get_MEPC(void)
{
	uint32_t result;
	__ASM volatile( ADD_ARCH_ZICSR "csrr %0," "mepc" : "=r"(result));
 180:	34102573          	csrr	a0,mepc
	PrintHex( __get_MEPC() ); // "addr2line -e debugprintfdemo.elf 0x000007e6" ---> debugprintfdemo.c:45
 184:	3f31                	jal	a0 <PrintHex>
	__ASM volatile( ADD_ARCH_ZICSR "csrr %0, mstatus": "=r"(result) );
 186:	30002573          	csrr	a0,mstatus
	PrintHex( __get_MSTATUS() );
 18a:	3f19                	jal	a0 <PrintHex>

// Return the Machine Trap Value Register (MTVAL)
static inline uint32_t __get_MTVAL(void)
{
	uint32_t result;
	__ASM volatile( ADD_ARCH_ZICSR "csrr %0," "mtval" : "=r" (result) );
 18c:	34302573          	csrr	a0,mtval
	PrintHex( __get_MTVAL() );
 190:	3f01                	jal	a0 <PrintHex>
	__ASM volatile( ADD_ARCH_ZICSR "csrr %0," "mcause": "=r"(result));
 192:	34202573          	csrr	a0,mcause
	PrintHex( __get_MCAUSE() );
 196:	3729                	jal	a0 <PrintHex>
	while( (*DMDATA0) & 0x80 );
 198:	e00007b7          	lui	a5,0xe0000
 19c:	0f478793          	addi	a5,a5,244 # e00000f4 <_eusrstack+0xbffff8f4>
 1a0:	4398                	lw	a4,0(a5)
 1a2:	08077713          	andi	a4,a4,128
 1a6:	ff6d                	bnez	a4,1a0 <ADC1_2_IRQHandler+0x20>
	*DMDATA0 = 0x0a85;
 1a8:	6705                	lui	a4,0x1
 1aa:	a8570713          	addi	a4,a4,-1403 # a85 <_data_lma+0x7dd>
 1ae:	c398                	sw	a4,0(a5)
	while( (*DMDATA0) & 0x80 );
 1b0:	e00007b7          	lui	a5,0xe0000
 1b4:	0f478793          	addi	a5,a5,244 # e00000f4 <_eusrstack+0xbffff8f4>
 1b8:	4398                	lw	a4,0(a5)
 1ba:	08077713          	andi	a4,a4,128
 1be:	ff6d                	bnez	a4,1b8 <ADC1_2_IRQHandler+0x38>
	*DMDATA0 = 0xaaaaaa83;
 1c0:	aaaab737          	lui	a4,0xaaaab
 1c4:	a8370713          	addi	a4,a4,-1405 # aaaaaa83 <_eusrstack+0x8aaaa283>
 1c8:	c398                	sw	a4,0(a5)
	asm volatile( "1: j 1b" );
 1ca:	a001                	j	1ca <ADC1_2_IRQHandler+0x4a>

000001cc <NMI_Handler>:
	RCC->INTR |= RCC_CSSC;	// clear the clock security int flag
 1cc:	40021737          	lui	a4,0x40021
 1d0:	471c                	lw	a5,8(a4)
 1d2:	008006b7          	lui	a3,0x800
 1d6:	8fd5                	or	a5,a5,a3
 1d8:	c71c                	sw	a5,8(a4)

000001da <SystemInit>:
//#define BASE_CTLR	(((FUNCONF_HSITRIM) << 3) | HSEBYP | RCC_CSS)	// disable HSI in HSE modes

	// Flash latency settings.
#if defined(CH32V003)
	#if FUNCONF_SYSTEM_CORE_CLOCK > 25000000
		FLASH->ACTLR = FLASH_ACTLR_LATENCY_1;               // +1 Cycle Latency
 1da:	400227b7          	lui	a5,0x40022
 1de:	4705                	li	a4,1
 1e0:	c398                	sw	a4,0(a5)
#elif defined(FUNCONF_USE_HSI) && FUNCONF_USE_HSI
	#if defined(CH32V30x) || defined(CH32V20x) || defined(CH32L103) || defined(CH32V10x)
		EXTEN->EXTEN_CTR |= EXTEN_PLL_HSI_PRE;
	#endif
	#if defined(FUNCONF_USE_PLL) && FUNCONF_USE_PLL
		RCC->CFGR0 = BASE_CFGR0;
 1e2:	400217b7          	lui	a5,0x40021
		RCC->CTLR  = BASE_CTLR | RCC_HSION | RCC_PLLON; 			// Use HSI, enable PLL.
 1e6:	01080737          	lui	a4,0x1080
		RCC->CFGR0 = BASE_CFGR0;
 1ea:	0007a223          	sw	zero,4(a5) # 40021004 <_eusrstack+0x20020804>
		RCC->CTLR  = BASE_CTLR | RCC_HSION | RCC_PLLON; 			// Use HSI, enable PLL.
 1ee:	08170713          	addi	a4,a4,129 # 1080081 <blink.c.a0dd551b+0x107df2f>
 1f2:	c398                	sw	a4,0(a5)
		FLASH->ACTLR = FLASH_ACTLR_LATENCY_0;
	#endif
#endif

#ifndef CH5xx
	RCC->INTR  = 0x009F0000;                               // Clear PLL, CSSC, HSE, HSI and LSI ready flags.
 1f4:	009f0737          	lui	a4,0x9f0
 1f8:	c798                	sw	a4,8(a5)
#endif

#if defined(FUNCONF_USE_PLL) && FUNCONF_USE_PLL && !defined(CH5xx)
	while((RCC->CTLR & RCC_PLLRDY) == 0) {};                       	// Wait till PLL is ready
 1fa:	4398                	lw	a4,0(a5)
 1fc:	00671693          	slli	a3,a4,0x6
 200:	fe06dde3          	bgez	a3,1fa <SystemInit+0x20>
	#if defined(CH32H41x)
		RCC->PLLCFGR |= RCC_SYSPLL_GATE;
	#endif
	uint32_t tmp32 = RCC->CFGR0 & ~(0x03);							// clr the SW
 204:	43d8                	lw	a4,4(a5)
	RCC->CFGR0 = tmp32 | RCC_SW_PLL;                       			// Select PLL as system clock source
	while ((RCC->CFGR0 & (uint32_t)RCC_SWS) != (uint32_t)0x08); 	// Wait till PLL is used as system clock source
 206:	400216b7          	lui	a3,0x40021
	uint32_t tmp32 = RCC->CFGR0 & ~(0x03);							// clr the SW
 20a:	9b71                	andi	a4,a4,-4
	RCC->CFGR0 = tmp32 | RCC_SW_PLL;                       			// Select PLL as system clock source
 20c:	00276713          	ori	a4,a4,2
 210:	c3d8                	sw	a4,4(a5)
	while ((RCC->CFGR0 & (uint32_t)RCC_SWS) != (uint32_t)0x08); 	// Wait till PLL is used as system clock source
 212:	4721                	li	a4,8
 214:	42dc                	lw	a5,4(a3)
 216:	8bb1                	andi	a5,a5,12
 218:	fee79ee3          	bne	a5,a4,214 <SystemInit+0x3a>
	*DMDATA1 = 0x00;
 21c:	e00007b7          	lui	a5,0xe0000
 220:	0e07ac23          	sw	zero,248(a5) # e00000f8 <_eusrstack+0xbffff8f8>
	*DMDATA0 = 0x80;
 224:	08000713          	li	a4,128
 228:	0ee7aa23          	sw	a4,244(a5)
	SetupDebugPrintf();
#endif
#if defined(FUNCONF_SUPPORT_CONSTRUCTORS) && FUNCONF_SUPPORT_CONSTRUCTORS
	CallConstructors();
#endif
}
 22c:	8082                	ret

0000022e <main>:
#define PIN_1 PD4
#define PIN_K PD6


int main()
{
 22e:	1151                	addi	sp,sp,-12
 230:	c406                	sw	ra,8(sp)
 232:	c222                	sw	s0,4(sp)
 234:	c026                	sw	s1,0(sp)
	SystemInit();
 236:	3755                	jal	1da <SystemInit>

	funGpioInitAll(); // Enable GPIOs
 238:	40021737          	lui	a4,0x40021
 23c:	4f1c                	lw	a5,24(a4)
	
	funPinMode( PIN_1,     GPIO_Speed_10MHz | GPIO_CNF_OUT_PP ); // Set PIN_1 to output
 23e:	fff106b7          	lui	a3,0xfff10
 242:	16fd                	addi	a3,a3,-1 # fff0ffff <_eusrstack+0xdff0f7ff>
	funGpioInitAll(); // Enable GPIOs
 244:	0357e793          	ori	a5,a5,53
 248:	cf1c                	sw	a5,24(a4)
	funPinMode( PIN_1,     GPIO_Speed_10MHz | GPIO_CNF_OUT_PP ); // Set PIN_1 to output
 24a:	400117b7          	lui	a5,0x40011
 24e:	40078793          	addi	a5,a5,1024 # 40011400 <_eusrstack+0x20010c00>
 252:	4398                	lw	a4,0(a5)
 254:	8f75                	and	a4,a4,a3
 256:	66c1                	lui	a3,0x10
 258:	8f55                	or	a4,a4,a3
 25a:	c398                	sw	a4,0(a5)
	funPinMode( PIN_K,     GPIO_Speed_10MHz | GPIO_CNF_OUT_PP ); // Set PIN_K to output
 25c:	4398                	lw	a4,0(a5)
 25e:	f10006b7          	lui	a3,0xf1000
 262:	16fd                	addi	a3,a3,-1 # f0ffffff <_eusrstack+0xd0fff7ff>
 264:	8f75                	and	a4,a4,a3
 266:	010006b7          	lui	a3,0x1000
 26a:	8f55                	or	a4,a4,a3
 26c:	c398                	sw	a4,0(a5)

	while(1)
	{	
		funDigitalWrite( PIN_1,     FUN_LOW ); // Turn on PIN_1
 26e:	40011437          	lui	s0,0x40011
 272:	40040413          	addi	s0,s0,1024 # 40011400 <_eusrstack+0x20010c00>
 276:	001007b7          	lui	a5,0x100
 27a:	c81c                	sw	a5,16(s0)
		funDigitalWrite( PIN_K,     FUN_LOW ); // Turn on PIN_K
 27c:	004004b7          	lui	s1,0x400
 280:	c804                	sw	s1,16(s0)
		Delay_Ms( 250 );
 282:	3da5                	jal	fa <DelaySysTick.constprop.0>
		funDigitalWrite( PIN_1,     FUN_LOW ); // Turn on PIN_1
 284:	001007b7          	lui	a5,0x100
 288:	c81c                	sw	a5,16(s0)
		funDigitalWrite( PIN_K,     FUN_HIGH ); // Turn on PIN_K
 28a:	04000713          	li	a4,64
 28e:	c818                	sw	a4,16(s0)
		Delay_Ms( 250 );
 290:	35ad                	jal	fa <DelaySysTick.constprop.0>
		funDigitalWrite( PIN_1,     FUN_HIGH );  // Turn off PIN_1
 292:	47c1                	li	a5,16
 294:	c81c                	sw	a5,16(s0)
		funDigitalWrite( PIN_K,     FUN_HIGH );  // Turn off PIN_K
 296:	04000713          	li	a4,64
 29a:	c818                	sw	a4,16(s0)
		Delay_Ms( 250 );
 29c:	3db9                	jal	fa <DelaySysTick.constprop.0>
		funDigitalWrite( PIN_1,     FUN_HIGH ); // Turn on PIN_1
 29e:	47c1                	li	a5,16
 2a0:	c81c                	sw	a5,16(s0)
		funDigitalWrite( PIN_K,     FUN_LOW ); // Turn on PIN_K
 2a2:	c804                	sw	s1,16(s0)
		Delay_Ms( 250 );
 2a4:	3d99                	jal	fa <DelaySysTick.constprop.0>
	while(1)
 2a6:	b7e1                	j	26e <main+0x40>
