Archive member included to satisfy reference by file (symbol)

C:/Users/alast/AppData/Local/xpack-riscv-none-elf-gcc/14.2.0-3/bin/../lib/gcc/riscv-none-elf/14.2.0/rv32ec/ilp32e\libgcc.a(div.o)
                              C:\Users\alast\AppData\Local\Temp\cc1xWe3Y.ltrans0.ltrans.o (__udivsi3)

Discarded input sections

 .text          0x00000000        0x0 C:\Users\alast\AppData\Local\Temp\cc1xWe3Y.ltrans0.ltrans.o
 .data          0x00000000        0x0 C:\Users\alast\AppData\Local\Temp\cc1xWe3Y.ltrans0.ltrans.o
 .bss           0x00000000        0x0 C:\Users\alast\AppData\Local\Temp\cc1xWe3Y.ltrans0.ltrans.o
 .text.mini_pad
                0x00000000       0x8a C:\Users\alast\AppData\Local\Temp\cc1xWe3Y.ltrans0.ltrans.o
 .text._puts    0x00000000       0x40 C:\Users\alast\AppData\Local\Temp\cc1xWe3Y.ltrans0.ltrans.o
 .text.mini_itoa.part.0
                0x00000000       0xcc C:\Users\alast\AppData\Local\Temp\cc1xWe3Y.ltrans0.ltrans.o
 .text.internal_handle_input.constprop.0
                0x00000000        0xa C:\Users\alast\AppData\Local\Temp\cc1xWe3Y.ltrans0.ltrans.o
 .text._write.constprop.0
                0x00000000       0xf0 C:\Users\alast\AppData\Local\Temp\cc1xWe3Y.ltrans0.ltrans.o
 .text.__puts_uart
                0x00000000       0x1a C:\Users\alast\AppData\Local\Temp\cc1xWe3Y.ltrans0.ltrans.o
 .text.strlen   0x00000000       0x12 C:\Users\alast\AppData\Local\Temp\cc1xWe3Y.ltrans0.ltrans.o
 .text.mini_vpprintf
                0x00000000      0x1d8 C:\Users\alast\AppData\Local\Temp\cc1xWe3Y.ltrans0.ltrans.o
 .text.printf   0x00000000       0x2c C:\Users\alast\AppData\Local\Temp\cc1xWe3Y.ltrans0.ltrans.o
 .text.vprintf  0x00000000       0x16 C:\Users\alast\AppData\Local\Temp\cc1xWe3Y.ltrans0.ltrans.o
 .text.mini_vsnprintf
                0x00000000       0x42 C:\Users\alast\AppData\Local\Temp\cc1xWe3Y.ltrans0.ltrans.o
 .text.snprintf
                0x00000000       0x1c C:\Users\alast\AppData\Local\Temp\cc1xWe3Y.ltrans0.ltrans.o
 .text.sprintf  0x00000000       0x26 C:\Users\alast\AppData\Local\Temp\cc1xWe3Y.ltrans0.ltrans.o
 .text.memset   0x00000000       0x12 C:\Users\alast\AppData\Local\Temp\cc1xWe3Y.ltrans0.ltrans.o
 .text.strcpy   0x00000000       0x14 C:\Users\alast\AppData\Local\Temp\cc1xWe3Y.ltrans0.ltrans.o
 .text.strncpy  0x00000000       0x1c C:\Users\alast\AppData\Local\Temp\cc1xWe3Y.ltrans0.ltrans.o
 .text.strcmp   0x00000000       0x1a C:\Users\alast\AppData\Local\Temp\cc1xWe3Y.ltrans0.ltrans.o
 .text.strncmp  0x00000000       0x2e C:\Users\alast\AppData\Local\Temp\cc1xWe3Y.ltrans0.ltrans.o
 .text.strchr   0x00000000       0x16 C:\Users\alast\AppData\Local\Temp\cc1xWe3Y.ltrans0.ltrans.o
 .text.strrchr  0x00000000       0x3c C:\Users\alast\AppData\Local\Temp\cc1xWe3Y.ltrans0.ltrans.o
 .text.memcpy   0x00000000       0x1c C:\Users\alast\AppData\Local\Temp\cc1xWe3Y.ltrans0.ltrans.o
 .text.memcmp   0x00000000       0x20 C:\Users\alast\AppData\Local\Temp\cc1xWe3Y.ltrans0.ltrans.o
 .text.memmove  0x00000000       0x5e C:\Users\alast\AppData\Local\Temp\cc1xWe3Y.ltrans0.ltrans.o
 .text.memchr   0x00000000       0x1a C:\Users\alast\AppData\Local\Temp\cc1xWe3Y.ltrans0.ltrans.o
 .text.strnlen  0x00000000       0x2a C:\Users\alast\AppData\Local\Temp\cc1xWe3Y.ltrans0.ltrans.o
 .text.twoway_strstr
                0x00000000      0x232 C:\Users\alast\AppData\Local\Temp\cc1xWe3Y.ltrans0.ltrans.o
 .text.strstr   0x00000000      0x11c C:\Users\alast\AppData\Local\Temp\cc1xWe3Y.ltrans0.ltrans.o
 .rodata.puts.str1.4
                0x00000000        0x2 C:\Users\alast\AppData\Local\Temp\cc1xWe3Y.ltrans0.ltrans.o
 .text.puts     0x00000000       0x40 C:\Users\alast\AppData\Local\Temp\cc1xWe3Y.ltrans0.ltrans.o
 .text.setjmp   0x00000000       0x10 C:\Users\alast\AppData\Local\Temp\cc1xWe3Y.ltrans0.ltrans.o
 .text.longjmp  0x00000000       0x14 C:\Users\alast\AppData\Local\Temp\cc1xWe3Y.ltrans0.ltrans.o
 .text.putchar  0x00000000       0x68 C:\Users\alast\AppData\Local\Temp\cc1xWe3Y.ltrans0.ltrans.o
 .rodata.APBAHBPrescTable.lto_priv.0
                0x00000000       0x10 C:\Users\alast\AppData\Local\Temp\cc1xWe3Y.ltrans0.ltrans.o
 .rodata.ADCPrescTable.lto_priv.0
                0x00000000       0x14 C:\Users\alast\AppData\Local\Temp\cc1xWe3Y.ltrans0.ltrans.o
 .rodata.APBAHBPrescTable.lto_priv.1
                0x00000000       0x10 C:\Users\alast\AppData\Local\Temp\cc1xWe3Y.ltrans0.ltrans.o
 .rodata.ADCPrescTable.lto_priv.1
                0x00000000       0x14 C:\Users\alast\AppData\Local\Temp\cc1xWe3Y.ltrans0.ltrans.o
 .comment       0x00000000       0x34 C:\Users\alast\AppData\Local\Temp\cc1xWe3Y.ltrans0.ltrans.o
 .note.GNU-stack
                0x00000000        0x0 C:\Users\alast\AppData\Local\Temp\cc1xWe3Y.ltrans0.ltrans.o
 .comment       0x00000000       0x34 C:\Users\alast\AppData\Local\Temp\ccD409NE.debug.temp.o
 .note.GNU-stack
                0x00000000        0x0 C:\Users\alast\AppData\Local\Temp\ccD409NE.debug.temp.o
 .comment       0x00000000       0x34 C:\Users\alast\AppData\Local\Temp\cceIxMDv.debug.temp.o
 .note.GNU-stack
                0x00000000        0x0 C:\Users\alast\AppData\Local\Temp\cceIxMDv.debug.temp.o
 .text          0x00000000       0x80 C:/Users/alast/AppData/Local/xpack-riscv-none-elf-gcc/14.2.0-3/bin/../lib/gcc/riscv-none-elf/14.2.0/rv32ec/ilp32e\libgcc.a(div.o)
 .data          0x00000000        0x0 C:/Users/alast/AppData/Local/xpack-riscv-none-elf-gcc/14.2.0-3/bin/../lib/gcc/riscv-none-elf/14.2.0/rv32ec/ilp32e\libgcc.a(div.o)
 .bss           0x00000000        0x0 C:/Users/alast/AppData/Local/xpack-riscv-none-elf-gcc/14.2.0-3/bin/../lib/gcc/riscv-none-elf/14.2.0/rv32ec/ilp32e\libgcc.a(div.o)
 .debug_line    0x00000000      0x153 C:/Users/alast/AppData/Local/xpack-riscv-none-elf-gcc/14.2.0-3/bin/../lib/gcc/riscv-none-elf/14.2.0/rv32ec/ilp32e\libgcc.a(div.o)
 .debug_line_str
                0x00000000      0x133 C:/Users/alast/AppData/Local/xpack-riscv-none-elf-gcc/14.2.0-3/bin/../lib/gcc/riscv-none-elf/14.2.0/rv32ec/ilp32e\libgcc.a(div.o)
 .debug_info    0x00000000       0x5d C:/Users/alast/AppData/Local/xpack-riscv-none-elf-gcc/14.2.0-3/bin/../lib/gcc/riscv-none-elf/14.2.0/rv32ec/ilp32e\libgcc.a(div.o)
 .debug_abbrev  0x00000000       0x28 C:/Users/alast/AppData/Local/xpack-riscv-none-elf-gcc/14.2.0-3/bin/../lib/gcc/riscv-none-elf/14.2.0/rv32ec/ilp32e\libgcc.a(div.o)
 .debug_aranges
                0x00000000       0x20 C:/Users/alast/AppData/Local/xpack-riscv-none-elf-gcc/14.2.0-3/bin/../lib/gcc/riscv-none-elf/14.2.0/rv32ec/ilp32e\libgcc.a(div.o)
 .debug_str     0x00000000      0x17a C:/Users/alast/AppData/Local/xpack-riscv-none-elf-gcc/14.2.0-3/bin/../lib/gcc/riscv-none-elf/14.2.0/rv32ec/ilp32e\libgcc.a(div.o)
 .riscv.attributes
                0x00000000       0x1f C:/Users/alast/AppData/Local/xpack-riscv-none-elf-gcc/14.2.0-3/bin/../lib/gcc/riscv-none-elf/14.2.0/rv32ec/ilp32e\libgcc.a(div.o)

Memory Configuration

Name             Origin             Length             Attributes
FLASH            0x00000000         0x00004000         xr
RAM              0x20000000         0x00000800         xrw
*default*        0x00000000         0xffffffff

Linker script and memory map

LOAD C:\Users\alast\AppData\Local\Temp\ccwUby0t.o
LOAD C:\Users\alast\AppData\Local\Temp\cc1xWe3Y.ltrans0.ltrans.o
LOAD C:\Users\alast\AppData\Local\Temp\ccD409NE.debug.temp.o
LOAD C:\Users\alast\AppData\Local\Temp\cceIxMDv.debug.temp.o
LOAD C:\Users\alast\AppData\Local\Temp\ccx7frCc.o
LOAD C:/Users/alast/AppData/Local/xpack-riscv-none-elf-gcc/14.2.0-3/bin/../lib/gcc/riscv-none-elf/14.2.0/rv32ec/ilp32e\libgcc.a
LOAD C:/Users/alast/AppData/Local/xpack-riscv-none-elf-gcc/14.2.0-3/bin/../lib/gcc/riscv-none-elf/14.2.0/rv32ec/ilp32e\libgcc.a

.init           0x00000000       0xa0
                0x00000000                        _sinit = .
                0x00000000                        . = ALIGN (0x4)
 *(SORT_NONE(.init))
 .init          0x00000000       0x9e C:\Users\alast\AppData\Local\Temp\cc1xWe3Y.ltrans0.ltrans.o
                0x00000000                InterruptVector
                0x00000000                InterruptVectorDefault
                0x000000a0                        . = ALIGN (0x4)
 *fill*         0x0000009e        0x2 
                0x000000a0                        _einit = .

.text           0x000000a0      0x5b4
                0x000000a0                        . = ALIGN (0x4)
 *(.text)
 *(.text.*)
 .text.PrintHex
                0x000000a0       0x5a C:\Users\alast\AppData\Local\Temp\cc1xWe3Y.ltrans0.ltrans.o
 .text.hc595_shiftOut8
                0x000000fa       0x44 C:\Users\alast\AppData\Local\Temp\cc1xWe3Y.ltrans0.ltrans.o
 .text.handle_reset
                0x0000013e       0x6c C:\Users\alast\AppData\Local\Temp\cc1xWe3Y.ltrans0.ltrans.o
                0x0000013e                handle_reset
 .text.vector_handler
                0x000001aa       0x5a C:\Users\alast\AppData\Local\Temp\cc1xWe3Y.ltrans0.ltrans.o
                0x000001aa                OPCM_IRQHandler
                0x000001aa                EXTI2_IRQHandler
                0x000001aa                TIM8_TRG_COM_IRQHandler
                0x000001aa                TIM8_CC_IRQHandler
                0x000001aa                USART_WKUP_IRQHandler
                0x000001aa                UART8_IRQHandler
                0x000001aa                SPI4_IRQHandler
                0x000001aa                NFC_IRQHandler
                0x000001aa                DFSDM0_IRQHandler
                0x000001aa                TIM1_CC_IRQHandler
                0x000001aa                HardFault_Handler
                0x000001aa                TIM10_IRQHandler
                0x000001aa                GPIOB_IRQHandler
                0x000001aa                IPC_CH2_Handler
                0x000001aa                USBPD_IRQHandler
                0x000001aa                TIM6_IRQHandler
                0x000001aa                GPIOA_IRQHandler
                0x000001aa                SysTick_Handler
                0x000001aa                CAN3_RX1_IRQHandler
                0x000001aa                I3C_ER_IRQHandler
                0x000001aa                PVD_IRQHandler
                0x000001aa                SDIO_IRQHandler
                0x000001aa                TIM9_BRK_IRQHandler
                0x000001aa                DMA2_Channel8_IRQHandler
                0x000001aa                USBWakeUp_IRQHandler
                0x000001aa                CAN2_RX1_IRQHandler
                0x000001aa                EXTI3_IRQHandler
                0x000001aa                HSEM_Handler
                0x000001aa                UART1_IRQHandler
                0x000001aa                USBHS_IRQHandler
                0x000001aa                LPTIM2_IRQHandler
                0x000001aa                DMA2_Channel9_IRQHandler
                0x000001aa                TIM10_CC_IRQHandler
                0x000001aa                EXTI25_16_IRQHandler
                0x000001aa                I2C3_ER_IRQHandler
                0x000001aa                USBFS_IRQHandler
                0x000001aa                UART0_IRQHandler
                0x000001aa                USART8_IRQHandler
                0x000001aa                EXTI0_IRQHandler
                0x000001aa                I2C2_EV_IRQHandler
                0x000001aa                TIM10_TRG_COM_IRQHandler
                0x000001aa                LPTIM_IRQHandler
                0x000001aa                CAN1_RX0_IRQHandler
                0x000001aa                CAN3_SCE_IRQHandler
                0x000001aa                CAN2_SCE_IRQHandler
                0x000001aa                ADC1_2_IRQHandler
                0x000001aa                BB_IRQHandler
                0x000001aa                Break_Point_Handler
                0x000001aa                IPC_CH0_Handler
                0x000001aa                TIM2_CC_IRQHandler
                0x000001aa                SPI1_IRQHandler
                0x000001aa                USART5_IRQHandler
                0x000001aa                TAMPER_IRQHandler
                0x000001aa                TMR0_IRQHandler
                0x000001aa                AWU_IRQHandler
                0x000001aa                EXTI7_0_IRQHandler
                0x000001aa                CAN2_RX0_IRQHandler
                0x000001aa                OSCWakeUp_IRQHandler
                0x000001aa                TIM8_UP_IRQHandler
                0x000001aa                Ecall_M_Mode_Handler
                0x000001aa                ECDC_IRQHandler
                0x000001aa                SDMMC_IRQHandler
                0x000001aa                USART7_IRQHandler
                0x000001aa                DMA2_Channel2_IRQHandler
                0x000001aa                DMA1_Channel4_IRQHandler
                0x000001aa                ADC1_IRQHandler
                0x000001aa                TIM2_BRK_IRQHandler
                0x000001aa                USART6_IRQHandler
                0x000001aa                CAN3_RX0_IRQHandler
                0x000001aa                HSADC_IRQHandler
                0x000001aa                TIM9_UP_IRQHandler
                0x000001aa                USART3_IRQHandler
                0x000001aa                RTC_IRQHandler
                0x000001aa                DMA1_Channel7_IRQHandler
                0x000001aa                LED_IRQHandler
                0x000001aa                CAN1_RX1_IRQHandler
                0x000001aa                DVP_IRQHandler
                0x000001aa                UART5_IRQHandler
                0x000001aa                USBSS_IRQHandler
                0x000001aa                SWPMI_IRQHandler
                0x000001aa                USBPDWakeUp_IRQHandler
                0x000001aa                EXTI15_8_IRQHandler
                0x000001aa                TIM4_IRQHandler
                0x000001aa                DMA2_Channel1_IRQHandler
                0x000001aa                SWPMI_WKUP_IRQHandler
                0x000001aa                USBPD_WKUP_IRQHandler
                0x000001aa                USBSSWakeup_IRQHandler
                0x000001aa                UART2_IRQHandler
                0x000001aa                USART4_IRQHandler
                0x000001aa                PWMX_IRQHandler
                0x000001aa                DMA1_Channel6_IRQHandler
                0x000001aa                UART4_IRQHandler
                0x000001aa                DMA2_Channel4_IRQHandler
                0x000001aa                TIM3_IRQHandler
                0x000001aa                RCC_IRQHandler
                0x000001aa                TIM1_TRG_COM_IRQHandler
                0x000001aa                DMA1_Channel1_IRQHandler
                0x000001aa                DMA2_Channel7_IRQHandler
                0x000001aa                QSPI1_IRQHandler
                0x000001aa                EXTI15_10_IRQHandler
                0x000001aa                ADC_IRQHandler
                0x000001aa                IPC_CH3_Handler
                0x000001aa                DMA1_Channel8_IRQHandler
                0x000001aa                I3C_EV_IRQHandler
                0x000001aa                TMR2_IRQHandler
                0x000001aa                I3C_WKUP_IRQHandler
                0x000001aa                DefaultIRQHandler
                0x000001aa                TIM12_IRQHandler
                0x000001aa                TIM7_IRQHandler
                0x000001aa                CAN2_TX_IRQHandler
                0x000001aa                TIM5_IRQHandler
                0x000001aa                USBSS_LINK_IRQHandler
                0x000001aa                I2C3_EV_IRQHandler
                0x000001aa                USB_IRQHandler
                0x000001aa                EXTI9_5_IRQHandler
                0x000001aa                PIOC_IRQHandler
                0x000001aa                TIM9_IRQHandler
                0x000001aa                LTDC_IRQHandler
                0x000001aa                SAI_IRQHandler
                0x000001aa                SPI2_IRQHandler
                0x000001aa                OSC32KCal_IRQHandler
                0x000001aa                IPC_CH1_Handler
                0x000001aa                I2C_IRQHandler
                0x000001aa                LPTIM1_WKUP_IRQHandler
                0x000001aa                TIM10_BRK_IRQHandler
                0x000001aa                TIM9_CC_IRQHandler
                0x000001aa                CAN1_TX_IRQHandler
                0x000001aa                DMA2_Channel5_IRQHandler
                0x000001aa                USB2_IRQHandler
                0x000001aa                USBHSWakeUp_IRQHandler
                0x000001aa                DMA1_Channel5_IRQHandler
                0x000001aa                EXTI4_IRQHandler
                0x000001aa                USB_LP_CAN1_RX0_IRQHandler
                0x000001aa                QSPI2_IRQHandler
                0x000001aa                RNG_IRQHandler
                0x000001aa                USB_HP_CAN1_TX_IRQHandler
                0x000001aa                LLE_IRQHandler
                0x000001aa                CMPWakeUp_IRQHandler
                0x000001aa                DMA1_Channel3_IRQHandler
                0x000001aa                FSMC_IRQHandler
                0x000001aa                ETH_IRQHandler
                0x000001aa                TIM1_UP_IRQHandler
                0x000001aa                LPTIMWakeUp_IRQHandler
                0x000001aa                WWDG_IRQHandler
                0x000001aa                USBHSWakeup_IRQHandler
                0x000001aa                DMA2_Channel11_IRQHandler
                0x000001aa                WDOG_BAT_IRQHandler
                0x000001aa                Ecall_U_Mode_Handler
                0x000001aa                I2C4_EV_IRQHandler
                0x000001aa                CAN3_TX_IRQHandler
                0x000001aa                TMR3_IRQHandler
                0x000001aa                DMA2_Channel6_IRQHandler
                0x000001aa                TIM2_IRQHandler
                0x000001aa                SW_Handler
                0x000001aa                TIM1_BRK_IRQHandler
                0x000001aa                GPHA_IRQHandler
                0x000001aa                OPA_IRQHandler
                0x000001aa                DMA2_Channel10_IRQHandler
                0x000001aa                EXTI1_IRQHandler
                0x000001aa                SPI0_IRQHandler
                0x000001aa                USB2_HOST_IRQHandler
                0x000001aa                LPTIM2_WKUP_IRQHandler
                0x000001aa                RTCAlarm_IRQHandler
                0x000001aa                TIM11_IRQHandler
                0x000001aa                TIM10_UP_IRQHandler
                0x000001aa                TIM9_TRG_COM_IRQHandler
                0x000001aa                UART7_IRQHandler
                0x000001aa                USART2_IRQHandler
                0x000001aa                UART6_IRQHandler
                0x000001aa                UHSIF_IRQHandler
                0x000001aa                ETHWakeUp_IRQHandler
                0x000001aa                I2C2_ER_IRQHandler
                0x000001aa                DMA1_Channel2_IRQHandler
                0x000001aa                TIM8_BRK_IRQHandler
                0x000001aa                TIM2_TRG_IRQHandler
                0x000001aa                CAN1_SCE_IRQHandler
                0x000001aa                FLASH_IRQHandler
                0x000001aa                USBFSWakeUp_IRQHandler
                0x000001aa                USART1_IRQHandler
                0x000001aa                OTG_FS_IRQHandler
                0x000001aa                SPI3_IRQHandler
                0x000001aa                USBFS_WakeUp_IRQHandler
                0x000001aa                UART3_IRQHandler
                0x000001aa                FMC_IRQHandler
                0x000001aa                USB2_DEVICE_IRQHandler
                0x000001aa                LPTIM1_IRQHandler
                0x000001aa                DFSDM1_IRQHandler
                0x000001aa                TMR1_IRQHandler
                0x000001aa                I2C4_ER_IRQHandler
                0x000001aa                SERDES_IRQHandler
                0x000001aa                DMA2_Channel3_IRQHandler
                0x000001f6                NMI_Handler
                0x000001f6                NMI_RCC_CSS_IRQHandler
 .text.SystemInit
                0x00000204       0x54 C:\Users\alast\AppData\Local\Temp\cc1xWe3Y.ltrans0.ltrans.o
                0x00000204                SystemInit
 .text.startup.main
                0x00000258      0x1dc C:\Users\alast\AppData\Local\Temp\cc1xWe3Y.ltrans0.ltrans.o
                0x00000258                main
 .text.I2C1_EV_IRQHandler
                0x00000434      0x19c C:\Users\alast\AppData\Local\Temp\cc1xWe3Y.ltrans0.ltrans.o
 .text.I2C1_ER_IRQHandler
                0x000005d0       0x74 C:\Users\alast\AppData\Local\Temp\cc1xWe3Y.ltrans0.ltrans.o
 *(.rodata)
 *(.rodata*)
 *fill*         0x00000644        0x0 
 .rodata.CSWTCH.6
                0x00000644        0xd C:\Users\alast\AppData\Local\Temp\cc1xWe3Y.ltrans0.ltrans.o
 *(.gnu.linkonce.t.*)
                0x00000654                        . = ALIGN (0x4)
 *fill*         0x00000651        0x3 

.rela.dyn       0x00000654        0x0
 .rela.text.handle_reset
                0x00000654        0x0 C:\Users\alast\AppData\Local\Temp\cc1xWe3Y.ltrans0.ltrans.o

.fini           0x00000654        0x0
 *(SORT_NONE(.fini))
                0x00000654                        . = ALIGN (0x4)
                [!provide]                        PROVIDE (_etext = .)
                [!provide]                        PROVIDE (_eitcm = .)

.preinit_array  0x00000654        0x0
                [!provide]                        PROVIDE (__preinit_array_start = .)
 *(.preinit_array)
                [!provide]                        PROVIDE (__preinit_array_end = .)

.init_array     0x00000654        0x0
                0x00000654                        PROVIDE (__init_array_start = .)
 *(SORT_BY_INIT_PRIORITY(.init_array.*) SORT_BY_INIT_PRIORITY(.ctors.*))
 *(.init_array EXCLUDE_FILE(*crtend?.o *crtend.o *crtbegin?.o *crtbegin.o) .ctors)
                0x00000654                        PROVIDE (__init_array_end = .)

.fini_array     0x00000654        0x0
                [!provide]                        PROVIDE (__fini_array_start = .)
 *(SORT_BY_INIT_PRIORITY(.fini_array.*) SORT_BY_INIT_PRIORITY(.dtors.*))
 *(.fini_array EXCLUDE_FILE(*crtend?.o *crtend.o *crtbegin?.o *crtbegin.o) .dtors)
                [!provide]                        PROVIDE (__fini_array_end = .)

.ctors
 *crtbegin.o(.ctors)
 *crtbegin?.o(.ctors)
 *(EXCLUDE_FILE(*crtend?.o *crtend.o) .ctors)
 *(SORT_BY_NAME(.ctors.*))
 *(.ctors)

.dtors
 *crtbegin.o(.dtors)
 *crtbegin?.o(.dtors)
 *(EXCLUDE_FILE(*crtend?.o *crtend.o) .dtors)
 *(SORT_BY_NAME(.dtors.*))
 *(.dtors)

.dalign         0x20000000        0x0 load address 0x00000654
                0x20000000                        . = ALIGN (0x4)
                0x20000000                        PROVIDE (_data_vma = .)

.dlalign        0x00000654        0x0
                0x00000654                        . = ALIGN (0x4)
                0x00000654                        PROVIDE (_data_lma = .)

.data           0x20000000        0x8 load address 0x00000654
                0x20000000                        . = ALIGN (0x4)
                0x200003fc                        __global_pointer$ = (. + 0x3fc)
 *(.gnu.linkonce.r.*)
 *(.data .data.*)
 *(.gnu.linkonce.d.*)
                0x20000000                        . = ALIGN (0x8)
 *(.sdata .sdata.*)
 .sdata.i2c_registers
                0x20000000        0x2 C:\Users\alast\AppData\Local\Temp\cc1xWe3Y.ltrans0.ltrans.o
 *(.sdata2*)
 *(.gnu.linkonce.s.*)
                0x20000008                        . = ALIGN (0x8)
 *fill*         0x20000002        0x6 
 *(.srodata.cst16)
 *(.srodata.cst8)
 *(.srodata.cst4)
 *(.srodata.cst2)
 *(.srodata .srodata.*)
                0x20000008                        . = ALIGN (0x4)
                0x20000008                        PROVIDE (_edata = .)

.bss            0x20000008       0x2c load address 0x0000065c
                0x20000008                        . = ALIGN (0x4)
                0x20000008                        PROVIDE (_sbss = .)
 *(.sbss*)
 *(.gnu.linkonce.sb.*)
 *(.bss*)
 .bss.i2c_slave_state
                0x20000008       0x2c C:\Users\alast\AppData\Local\Temp\cc1xWe3Y.ltrans0.ltrans.o
 *(.gnu.linkonce.b.*)
 *(COMMON*)
                0x20000034                        . = ALIGN (0x4)
                0x20000034                        PROVIDE (_ebss = .)
                [!provide]                        PROVIDE (_end = _ebss)
                [!provide]                        PROVIDE (end = .)
                0x20000800                        PROVIDE (_eusrstack = (ORIGIN (RAM) + LENGTH (RAM)))

/DISCARD/
 *(.note .note.*)
 *(.eh_frame .eh_frame.*)
 *(.comment .comment.*)
 *(.ARM.extab* .gnu.linkonce.armextab.*)
 *(.ARM.exidx*)
OUTPUT(I2C-7segment.elf elf32-littleriscv)

.riscv.attributes
                0x00000000       0x25
 .riscv.attributes
                0x00000000       0x25 C:\Users\alast\AppData\Local\Temp\cc1xWe3Y.ltrans0.ltrans.o

.debug_info     0x00000000     0x2cbf
 .debug_info    0x00000000     0x11ae C:\Users\alast\AppData\Local\Temp\cc1xWe3Y.ltrans0.ltrans.o
 .debug_info    0x000011ae     0x1159 C:\Users\alast\AppData\Local\Temp\ccD409NE.debug.temp.o
                0x000011ae                ch32fun.c.a5d4940c
 .debug_info    0x00002307      0x9b8 C:\Users\alast\AppData\Local\Temp\cceIxMDv.debug.temp.o
                0x00002307                I2C_7segment.c.aa46ddcc

.debug_abbrev   0x00000000      0x674
 .debug_abbrev  0x00000000      0x1d0 C:\Users\alast\AppData\Local\Temp\cc1xWe3Y.ltrans0.ltrans.o
 .debug_abbrev  0x000001d0      0x278 C:\Users\alast\AppData\Local\Temp\ccD409NE.debug.temp.o
 .debug_abbrev  0x00000448      0x22c C:\Users\alast\AppData\Local\Temp\cceIxMDv.debug.temp.o

.debug_loclists
                0x00000000     0x15c8
 .debug_loclists
                0x00000000     0x15c8 C:\Users\alast\AppData\Local\Temp\cc1xWe3Y.ltrans0.ltrans.o

.debug_aranges  0x00000000      0x160
 .debug_aranges
                0x00000000      0x160 C:\Users\alast\AppData\Local\Temp\cc1xWe3Y.ltrans0.ltrans.o

.debug_rnglists
                0x00000000      0x20e
 .debug_rnglists
                0x00000000      0x20e C:\Users\alast\AppData\Local\Temp\cc1xWe3Y.ltrans0.ltrans.o

.debug_line     0x00000000     0x309d
 .debug_line    0x00000000     0x2fcc C:\Users\alast\AppData\Local\Temp\cc1xWe3Y.ltrans0.ltrans.o
 .debug_line    0x00002fcc       0x76 C:\Users\alast\AppData\Local\Temp\ccD409NE.debug.temp.o
 .debug_line    0x00003042       0x5b C:\Users\alast\AppData\Local\Temp\cceIxMDv.debug.temp.o

.debug_str      0x00000000      0xe42
 .debug_str     0x00000000      0xe42 C:\Users\alast\AppData\Local\Temp\cc1xWe3Y.ltrans0.ltrans.o
                                0x19d (size before relaxing)
 .debug_str     0x00000e42      0x751 C:\Users\alast\AppData\Local\Temp\ccD409NE.debug.temp.o
 .debug_str     0x00000e42      0x8f6 C:\Users\alast\AppData\Local\Temp\cceIxMDv.debug.temp.o

.debug_line_str
                0x00000000      0x25a
 .debug_line_str
                0x00000000      0x25a C:\Users\alast\AppData\Local\Temp\cc1xWe3Y.ltrans0.ltrans.o
                                0x121 (size before relaxing)
 .debug_line_str
                0x0000025a      0x231 C:\Users\alast\AppData\Local\Temp\ccD409NE.debug.temp.o
 .debug_line_str
                0x0000025a      0x13c C:\Users\alast\AppData\Local\Temp\cceIxMDv.debug.temp.o

.debug_frame    0x00000000      0x420
 .debug_frame   0x00000000      0x420 C:\Users\alast\AppData\Local\Temp\cc1xWe3Y.ltrans0.ltrans.o
